// Jest Snapshot v1, https://goo.gl/fbAQLP

exports[`PDFView invokes onError callback 1`] = `
Array [
  Array [
    [Error: unknown error],
  ],
]
`;

exports[`PDFView invokes onError callback and provides native error 1`] = `
Array [
  Array [
    Object {
      "message": "native error",
    },
  ],
]
`;

exports[`PDFView invokes onPageChanged callback 1`] = `
Array [
  Array [
    2,
    10,
  ],
]
`;

exports[`PDFView renders base64 1`] = `
<NativeComponent
  enableAnnotations={false}
  fadeInDuration={0}
  fileFrom="bundle"
  onError={[Function]}
  onPageChanged={[Function]}
  onScrolled={[Function]}
  resource="base64"
  resourceType="base64"
  textEncoding="utf-8"
  urlProps={Object {}}
/>
`;

exports[`PDFView renders with default url source type 1`] = `
<NativeComponent
  enableAnnotations={false}
  fadeInDuration={0}
  fileFrom="bundle"
  onError={[Function]}
  onPageChanged={[Function]}
  onScrolled={[Function]}
  resource="http://site.com/pdf"
  resourceType="url"
  textEncoding="utf-8"
  urlProps={Object {}}
/>
`;

exports[`PDFView trigger reload throws exception if findNodeHandle fails to find handle 1`] = `[Error: Cannot find node handles]`;
